{"event": "replay_start", "capability": "check_member_balance", "params": {"member_id": "100001"}, "ts": "2026-09-19T08:00:11.028362+00:00"}
{"event": "step_start", "step_id": "s1_navigate", "action": "navigate", "url": "about:blank", "ts": "2026-09-19T08:00:17.089369+00:00"}
{"event": "step_done", "step_id": "s1_navigate", "result": {"step_id": "s1_navigate", "action": "navigate", "success": true, "url": "http://localhost:8080/search", "checkpoint_passed": true}, "ts": "2026-09-19T08:00:18.764068+00:00"}
{"event": "step_start", "step_id": "s2_type_id", "action": "type", "url": "http://localhost:8080/search", "ts": "2026-09-19T08:00:18.764068+00:00"}
{"event": "step_done", "step_id": "s2_type_id", "result": {"step_id": "s2_type_id", "action": "type", "success": true, "strategy_used": "aria-label", "typed": "100001"}, "ts": "2026-09-19T08:00:19.354536+00:00"}
{"event": "step_start", "step_id": "s3_click_search", "action": "click", "url": "http://localhost:8080/search", "ts": "2026-09-19T08:00:19.354536+00:00"}
{"event": "step_retry", "step_id": "s3_click_search", "attempt": 1, "error": "All 2 locator(s) exhausted. Last error: Locator.wait_for: Timeout 5000ms exceeded.\nCall log:\n  - waiting for get_by_label(\"__also_broken__\").first to be visible\n", "ts": "2026-09-19T08:00:29.379953+00:00"}
{"event": "step_retry", "step_id": "s3_click_search", "attempt": 2, "error": "All 2 locator(s) exhausted. Last error: Locator.wait_for: Timeout 5000ms exceeded.\nCall log:\n  - waiting for get_by_label(\"__also_broken__\").first to be visible\n", "ts": "2026-09-19T08:00:40.431930+00:00"}
{"event": "step_done", "step_id": "s3_click_search", "result": {"step_id": "s3_click_search", "action": "click", "success": false, "error": "All 2 locator(s) exhausted. Last error: Locator.wait_for: Timeout 5000ms exceeded.\nCall log:\n  - waiting for get_by_label(\"__also_broken__\").first to be visible\n"}, "ts": "2026-09-19T08:00:51.492319+00:00"}
{"event": "step_failed", "step_id": "s3_click_search", "error": "All 2 locator(s) exhausted. Last error: Locator.wait_for: Timeout 5000ms exceeded.\nCall log:\n  - waiting for get_by_label(\"__also_broken__\").first to be visible\n", "screenshot": "C:\\Documents\\vs code\\Interface AI\\interface-ai\\src\\..\\evidence\\jobs\\332e5f3f-a2ec-4202-9178-472628b90d7c\\screenshots\\failure_s3_click_search.png", "ts": "2026-09-19T08:00:52.202841+00:00"}
{"event": "hitl_resolved", "step_id": "s3_click_search", "url_after": "http://localhost:8080/search", "ts": "2026-09-19T08:02:22.125937+00:00"}
{"event": "step_start", "step_id": "s4_assert_result", "action": "assert", "url": "http://localhost:8080/search", "ts": "2026-09-19T08:02:22.130383+00:00"}
{"event": "step_retry", "step_id": "s4_assert_result", "attempt": 1, "error": "None of ['#balance-amount', '#member-not-found'] visible on http://localhost:8080/search", "ts": "2026-09-19T08:02:22.194981+00:00"}
{"event": "step_retry", "step_id": "s4_assert_result", "attempt": 2, "error": "None of ['#balance-amount', '#member-not-found'] visible on http://localhost:8080/search", "ts": "2026-09-19T08:02:23.235629+00:00"}
{"event": "step_done", "step_id": "s4_assert_result", "result": {"step_id": "s4_assert_result", "action": "assert", "success": false, "error": "None of ['#balance-amount', '#member-not-found'] visible on http://localhost:8080/search"}, "ts": "2026-09-19T08:02:24.271616+00:00"}
{"event": "step_failed", "step_id": "s4_assert_result", "error": "None of ['#balance-amount', '#member-not-found'] visible on http://localhost:8080/search", "screenshot": "C:\\Documents\\vs code\\Interface AI\\interface-ai\\src\\..\\evidence\\jobs\\332e5f3f-a2ec-4202-9178-472628b90d7c\\screenshots\\failure_s4_assert_result.png", "ts": "2026-09-19T08:02:24.405424+00:00"}
{"event": "hitl_resolved", "step_id": "s4_assert_result", "url_after": "http://localhost:8080/search", "ts": "2026-09-19T08:03:01.865841+00:00"}
{"event": "extracting_outputs", "ts": "2026-09-19T08:03:01.871130+00:00"}
{"event": "output_extraction_failed", "field": "balance", "error": "All 2 locator(s) exhausted. Last error: Locator.wait_for: Timeout 5000ms exceeded.\nCall log:\n  - waiting for locator(\"//span[contains(@class,'balance')]\").first to be visible\n", "ts": "2026-09-19T08:03:11.903355+00:00"}
{"event": "output_extraction_failed", "field": "account_status", "error": "All 2 locator(s) exhausted. Last error: Locator.wait_for: Timeout 5000ms exceeded.\nCall log:\n  - waiting for locator(\"//span[contains(@class,'status-')]\").first to be visible\n", "ts": "2026-09-19T08:03:21.919454+00:00"}
{"event": "output_extraction_failed", "field": "member_name", "error": "All 1 locator(s) exhausted. Last error: Locator.wait_for: Timeout 5000ms exceeded.\nCall log:\n  - waiting for locator(\"//td[text()='Full Name']/following-sibling::td\").first to be visible\n", "ts": "2026-09-19T08:03:26.931490+00:00"}
{"event": "replay_complete", "outputs": {"balance": null, "account_status": null, "member_name": null}, "steps": 4, "ts": "2026-09-19T08:03:27.027576+00:00"}
