{"event": "replay_start", "capability": "check_member_balance", "params": {"member_id": "100005"}, "ts": "2026-09-18T11:38:33.821173+00:00"}
{"event": "step_start", "step_id": "s1_navigate", "action": "navigate", "url": "about:blank", "ts": "2026-09-18T11:38:35.567765+00:00"}
{"event": "step_done", "step_id": "s1_navigate", "result": {"step_id": "s1_navigate", "action": "navigate", "success": true, "url": "http://localhost:8080/search", "checkpoint_passed": true}, "ts": "2026-09-18T11:38:37.040044+00:00"}
{"event": "step_start", "step_id": "s2_type_id", "action": "type", "url": "http://localhost:8080/search", "ts": "2026-09-18T11:38:37.040044+00:00"}
{"event": "step_done", "step_id": "s2_type_id", "result": {"step_id": "s2_type_id", "action": "type", "success": true, "strategy_used": "aria-label", "typed": "100005"}, "ts": "2026-09-18T11:38:37.630312+00:00"}
{"event": "step_start", "step_id": "s3_click_search", "action": "click", "url": "http://localhost:8080/search", "ts": "2026-09-18T11:38:37.631341+00:00"}
{"event": "step_retry", "step_id": "s3_click_search", "attempt": 1, "error": "All 2 locator(s) exhausted. Last error: Locator.wait_for: Timeout 5000ms exceeded.\nCall log:\n  - waiting for get_by_label(\"__also_broken__\").first to be visible\n", "ts": "2026-09-18T11:38:47.675300+00:00"}
{"event": "step_retry", "step_id": "s3_click_search", "attempt": 2, "error": "All 2 locator(s) exhausted. Last error: Locator.wait_for: Timeout 5000ms exceeded.\nCall log:\n  - waiting for get_by_label(\"__also_broken__\").first to be visible\n", "ts": "2026-09-18T11:38:58.720354+00:00"}
{"event": "step_done", "step_id": "s3_click_search", "result": {"step_id": "s3_click_search", "action": "click", "success": false, "error": "All 2 locator(s) exhausted. Last error: Locator.wait_for: Timeout 5000ms exceeded.\nCall log:\n  - waiting for get_by_label(\"__also_broken__\").first to be visible\n"}, "ts": "2026-09-18T11:39:09.784892+00:00"}
{"event": "step_failed", "step_id": "s3_click_search", "error": "All 2 locator(s) exhausted. Last error: Locator.wait_for: Timeout 5000ms exceeded.\nCall log:\n  - waiting for get_by_label(\"__also_broken__\").first to be visible\n", "screenshot": "C:\\Documents\\vs code\\Interface AI\\interface-ai\\src\\..\\evidence\\jobs\\1c79c9c5-483f-45f6-95eb-901db5026e6f\\screenshots\\failure_s3_click_search.png", "ts": "2026-09-18T11:39:11.309881+00:00"}
{"event": "hitl_resolved", "step_id": "s3_click_search", "url_after": "http://localhost:8080/search", "ts": "2026-09-18T11:39:11.509981+00:00"}
{"event": "step_start", "step_id": "s4_assert_result", "action": "assert", "url": "http://localhost:8080/search", "ts": "2026-09-18T11:39:11.509981+00:00"}
{"event": "step_retry", "step_id": "s4_assert_result", "attempt": 1, "error": "None of ['#balance-amount', '#member-not-found'] visible on http://localhost:8080/search", "ts": "2026-09-18T11:39:11.565569+00:00"}
{"event": "step_retry", "step_id": "s4_assert_result", "attempt": 2, "error": "None of ['#balance-amount', '#member-not-found'] visible on http://localhost:8080/search", "ts": "2026-09-18T11:39:12.603950+00:00"}
{"event": "step_done", "step_id": "s4_assert_result", "result": {"step_id": "s4_assert_result", "action": "assert", "success": false, "error": "None of ['#balance-amount', '#member-not-found'] visible on http://localhost:8080/search"}, "ts": "2026-09-18T11:39:13.635890+00:00"}
{"event": "step_failed", "step_id": "s4_assert_result", "error": "None of ['#balance-amount', '#member-not-found'] visible on http://localhost:8080/search", "screenshot": "C:\\Documents\\vs code\\Interface AI\\interface-ai\\src\\..\\evidence\\jobs\\1c79c9c5-483f-45f6-95eb-901db5026e6f\\screenshots\\failure_s4_assert_result.png", "ts": "2026-09-18T11:39:13.786571+00:00"}
{"event": "hitl_resolved", "step_id": "s4_assert_result", "url_after": "http://localhost:8080/search", "ts": "2026-09-18T11:39:13.946596+00:00"}
{"event": "extracting_outputs", "ts": "2026-09-18T11:39:13.946596+00:00"}
{"event": "output_extraction_failed", "field": "balance", "error": "All 2 locator(s) exhausted. Last error: Locator.wait_for: Timeout 5000ms exceeded.\nCall log:\n  - waiting for locator(\"//span[contains(@class,'balance')]\").first to be visible\n", "ts": "2026-09-18T11:39:23.963071+00:00"}
{"event": "output_extraction_failed", "field": "account_status", "error": "All 2 locator(s) exhausted. Last error: Locator.wait_for: Timeout 5000ms exceeded.\nCall log:\n  - waiting for locator(\"//span[contains(@class,'status-')]\").first to be visible\n", "ts": "2026-09-18T11:39:33.989331+00:00"}
{"event": "output_extraction_failed", "field": "member_name", "error": "All 1 locator(s) exhausted. Last error: Locator.wait_for: Timeout 5000ms exceeded.\nCall log:\n  - waiting for locator(\"//td[text()='Full Name']/following-sibling::td\").first to be visible\n", "ts": "2026-09-18T11:39:38.992878+00:00"}
{"event": "replay_complete", "outputs": {"balance": null, "account_status": null, "member_name": null}, "steps": 4, "ts": "2026-09-18T11:39:39.049866+00:00"}
