{"event": "replay_start", "capability": "check_member_balance", "params": {"member_id": "100001"}, "ts": "2026-09-18T11:41:59.418448+00:00"}
{"event": "step_start", "step_id": "s1_navigate", "action": "navigate", "url": "about:blank", "ts": "2026-09-18T11:42:00.933112+00:00"}
{"event": "step_done", "step_id": "s1_navigate", "result": {"step_id": "s1_navigate", "action": "navigate", "success": true, "url": "http://localhost:8080/search", "checkpoint_passed": true}, "ts": "2026-09-18T11:42:02.521824+00:00"}
{"event": "step_start", "step_id": "s2_type_id", "action": "type", "url": "http://localhost:8080/search", "ts": "2026-09-18T11:42:02.521824+00:00"}
{"event": "step_done", "step_id": "s2_type_id", "result": {"step_id": "s2_type_id", "action": "type", "success": true, "strategy_used": "aria-label", "typed": "100001"}, "ts": "2026-09-18T11:42:03.086139+00:00"}
{"event": "step_start", "step_id": "s3_click_search", "action": "click", "url": "http://localhost:8080/search", "ts": "2026-09-18T11:42:03.086139+00:00"}
{"event": "step_retry", "step_id": "s3_click_search", "attempt": 1, "error": "All 2 locator(s) exhausted. Last error: Locator.wait_for: Timeout 5000ms exceeded.\nCall log:\n  - waiting for get_by_label(\"__also_broken__\").first to be visible\n", "ts": "2026-09-18T11:42:13.122188+00:00"}
{"event": "step_retry", "step_id": "s3_click_search", "attempt": 2, "error": "All 2 locator(s) exhausted. Last error: Locator.wait_for: Timeout 5000ms exceeded.\nCall log:\n  - waiting for get_by_label(\"__also_broken__\").first to be visible\n", "ts": "2026-09-18T11:42:24.157453+00:00"}
{"event": "step_done", "step_id": "s3_click_search", "result": {"step_id": "s3_click_search", "action": "click", "success": false, "error": "All 2 locator(s) exhausted. Last error: Locator.wait_for: Timeout 5000ms exceeded.\nCall log:\n  - waiting for get_by_label(\"__also_broken__\").first to be visible\n"}, "ts": "2026-09-18T11:42:35.208691+00:00"}
{"event": "step_failed", "step_id": "s3_click_search", "error": "All 2 locator(s) exhausted. Last error: Locator.wait_for: Timeout 5000ms exceeded.\nCall log:\n  - waiting for get_by_label(\"__also_broken__\").first to be visible\n", "screenshot": "C:\\Documents\\vs code\\Interface AI\\interface-ai\\src\\..\\evidence\\jobs\\8ff5bc5e-e96b-411e-9117-c5387967ff06\\screenshots\\failure_s3_click_search.png", "ts": "2026-09-18T11:42:35.403631+00:00"}
{"event": "hitl_resolved", "step_id": "s3_click_search", "url_after": "http://localhost:8080/search", "ts": "2026-09-18T11:42:35.548738+00:00"}
{"event": "step_start", "step_id": "s4_assert_result", "action": "assert", "url": "http://localhost:8080/search", "ts": "2026-09-18T11:42:35.548738+00:00"}
{"event": "step_retry", "step_id": "s4_assert_result", "attempt": 1, "error": "None of ['#balance-amount', '#member-not-found'] visible on http://localhost:8080/search", "ts": "2026-09-18T11:42:35.596123+00:00"}
{"event": "step_retry", "step_id": "s4_assert_result", "attempt": 2, "error": "None of ['#balance-amount', '#member-not-found'] visible on http://localhost:8080/search", "ts": "2026-09-18T11:42:36.644172+00:00"}
{"event": "step_done", "step_id": "s4_assert_result", "result": {"step_id": "s4_assert_result", "action": "assert", "success": false, "error": "None of ['#balance-amount', '#member-not-found'] visible on http://localhost:8080/search"}, "ts": "2026-09-18T11:42:37.693665+00:00"}
{"event": "step_failed", "step_id": "s4_assert_result", "error": "None of ['#balance-amount', '#member-not-found'] visible on http://localhost:8080/search", "screenshot": "C:\\Documents\\vs code\\Interface AI\\interface-ai\\src\\..\\evidence\\jobs\\8ff5bc5e-e96b-411e-9117-c5387967ff06\\screenshots\\failure_s4_assert_result.png", "ts": "2026-09-18T11:42:37.871232+00:00"}
{"event": "hitl_resolved", "step_id": "s4_assert_result", "url_after": "http://localhost:8080/search", "ts": "2026-09-18T11:42:38.031785+00:00"}
{"event": "extracting_outputs", "ts": "2026-09-18T11:42:38.031785+00:00"}
{"event": "output_extraction_failed", "field": "balance", "error": "All 2 locator(s) exhausted. Last error: Locator.wait_for: Timeout 5000ms exceeded.\nCall log:\n  - waiting for locator(\"//span[contains(@class,'balance')]\").first to be visible\n", "ts": "2026-09-18T11:42:48.052069+00:00"}
{"event": "output_extraction_failed", "field": "account_status", "error": "All 2 locator(s) exhausted. Last error: Locator.wait_for: Timeout 5000ms exceeded.\nCall log:\n  - waiting for locator(\"//span[contains(@class,'status-')]\").first to be visible\n", "ts": "2026-09-18T11:42:58.066035+00:00"}
{"event": "output_extraction_failed", "field": "member_name", "error": "All 1 locator(s) exhausted. Last error: Locator.wait_for: Timeout 5000ms exceeded.\nCall log:\n  - waiting for locator(\"//td[text()='Full Name']/following-sibling::td\").first to be visible\n", "ts": "2026-09-18T11:43:03.076053+00:00"}
{"event": "replay_complete", "outputs": {"balance": null, "account_status": null, "member_name": null}, "steps": 4, "ts": "2026-09-18T11:43:03.150286+00:00"}
