{"event": "replay_start", "capability": "check_member_balance", "params": {"member_id": "100001"}, "ts": "2026-09-18T16:01:02.228518+00:00"}
{"event": "step_start", "step_id": "s1_navigate", "action": "navigate", "url": "about:blank", "ts": "2026-09-18T16:01:08.082420+00:00"}
{"event": "step_done", "step_id": "s1_navigate", "result": {"step_id": "s1_navigate", "action": "navigate", "success": true, "url": "http://localhost:8080/search", "checkpoint_passed": true}, "ts": "2026-09-18T16:01:09.498843+00:00"}
{"event": "step_start", "step_id": "s2_type_id", "action": "type", "url": "http://localhost:8080/search", "ts": "2026-09-18T16:01:09.498843+00:00"}
{"event": "step_done", "step_id": "s2_type_id", "result": {"step_id": "s2_type_id", "action": "type", "success": true, "strategy_used": "aria-label", "typed": "100001"}, "ts": "2026-09-18T16:01:10.122700+00:00"}
{"event": "step_start", "step_id": "s3_click_search", "action": "click", "url": "http://localhost:8080/search", "ts": "2026-09-18T16:01:10.122700+00:00"}
{"event": "step_retry", "step_id": "s3_click_search", "attempt": 1, "error": "All 2 locator(s) exhausted. Last error: Locator.wait_for: Timeout 5000ms exceeded.\nCall log:\n  - waiting for get_by_label(\"__also_broken__\").first to be visible\n", "ts": "2026-09-18T16:01:20.170477+00:00"}
{"event": "step_retry", "step_id": "s3_click_search", "attempt": 2, "error": "All 2 locator(s) exhausted. Last error: Locator.wait_for: Timeout 5000ms exceeded.\nCall log:\n  - waiting for get_by_label(\"__also_broken__\").first to be visible\n", "ts": "2026-09-18T16:01:31.225749+00:00"}
{"event": "step_done", "step_id": "s3_click_search", "result": {"step_id": "s3_click_search", "action": "click", "success": false, "error": "All 2 locator(s) exhausted. Last error: Locator.wait_for: Timeout 5000ms exceeded.\nCall log:\n  - waiting for get_by_label(\"__also_broken__\").first to be visible\n"}, "ts": "2026-09-18T16:01:42.273058+00:00"}
{"event": "step_failed", "step_id": "s3_click_search", "error": "All 2 locator(s) exhausted. Last error: Locator.wait_for: Timeout 5000ms exceeded.\nCall log:\n  - waiting for get_by_label(\"__also_broken__\").first to be visible\n", "screenshot": "C:\\Documents\\vs code\\Interface AI\\interface-ai\\src\\..\\evidence\\jobs\\42116440-0e6c-4ca3-ba54-834addaed4b4\\screenshots\\failure_s3_click_search.png", "ts": "2026-09-18T16:01:42.954603+00:00"}
{"event": "hitl_resolved", "step_id": "s3_click_search", "url_after": "http://localhost:8080/search", "ts": "2026-09-18T16:03:02.607666+00:00"}
{"event": "step_start", "step_id": "s4_assert_result", "action": "assert", "url": "http://localhost:8080/search", "ts": "2026-09-18T16:03:02.607666+00:00"}
{"event": "step_retry", "step_id": "s4_assert_result", "attempt": 1, "error": "None of ['#balance-amount', '#member-not-found'] visible on http://localhost:8080/search", "ts": "2026-09-18T16:03:02.715752+00:00"}
{"event": "step_retry", "step_id": "s4_assert_result", "attempt": 2, "error": "None of ['#balance-amount', '#member-not-found'] visible on http://localhost:8080/search", "ts": "2026-09-18T16:03:03.763013+00:00"}
{"event": "step_done", "step_id": "s4_assert_result", "result": {"step_id": "s4_assert_result", "action": "assert", "success": false, "error": "None of ['#balance-amount', '#member-not-found'] visible on http://localhost:8080/search"}, "ts": "2026-09-18T16:03:04.821480+00:00"}
{"event": "step_failed", "step_id": "s4_assert_result", "error": "None of ['#balance-amount', '#member-not-found'] visible on http://localhost:8080/search", "screenshot": "C:\\Documents\\vs code\\Interface AI\\interface-ai\\src\\..\\evidence\\jobs\\42116440-0e6c-4ca3-ba54-834addaed4b4\\screenshots\\failure_s4_assert_result.png", "ts": "2026-09-18T16:03:04.999958+00:00"}
{"event": "hitl_resolved", "step_id": "s4_assert_result", "url_after": "http://localhost:8080/search", "ts": "2026-09-18T16:06:05.771411+00:00"}
{"event": "extracting_outputs", "ts": "2026-09-18T16:06:05.771411+00:00"}
{"event": "output_extraction_failed", "field": "balance", "error": "All 2 locator(s) exhausted. Last error: Locator.wait_for: Timeout 5000ms exceeded.\nCall log:\n  - waiting for locator(\"//span[contains(@class,'balance')]\").first to be visible\n", "ts": "2026-09-18T16:06:15.795308+00:00"}
{"event": "output_extraction_failed", "field": "account_status", "error": "All 2 locator(s) exhausted. Last error: Locator.wait_for: Timeout 5000ms exceeded.\nCall log:\n  - waiting for locator(\"//span[contains(@class,'status-')]\").first to be visible\n", "ts": "2026-09-18T16:06:25.806515+00:00"}
{"event": "output_extraction_failed", "field": "member_name", "error": "All 1 locator(s) exhausted. Last error: Locator.wait_for: Timeout 5000ms exceeded.\nCall log:\n  - waiting for locator(\"//td[text()='Full Name']/following-sibling::td\").first to be visible\n", "ts": "2026-09-18T16:06:30.824639+00:00"}
{"event": "replay_complete", "outputs": {"balance": null, "account_status": null, "member_name": null}, "steps": 4, "ts": "2026-09-18T16:06:30.913479+00:00"}
